src/lib/simulation-engine.ts(325,37): error TS2448: Block-scoped variable 'sys' used before its declaration.
src/lib/simulation-engine.ts(325,37): error TS2454: Variable 'sys' is used before being assigned.
